
> quran-lms@0.1.0 build
> next build

Γû▓ Next.js 16.1.6 (Turbopack)
- Environments: .env

node.exe : ΓÜá The "middleware" 
file convention is deprecated. 
Please use "proxy" instead. Learn 
more: https://nextjs.org/docs/messa
ges/middleware-to-proxy
At line:1 char:1
+ & "C:\Program 
Files\nodejs/node.exe" "C:\Program 
Files\nodejs/node_mo ...
+ ~~~~~~~~~~~~~~~~~~~~~~~~~~~~~~~~~
~~~~~~~~~~~~~~~~~~~~~~~~~~~~~~~~~~~
~
    + CategoryInfo          : 
NotSp    ecified: (ΓÜá The 
"middle...lew    
are-to-proxy:String) [], Remote    
Exception
    + FullyQualifiedErrorId : 
Nativ    eCommandError
 
  Creating an optimized production build ...
Γ£ô Compiled successfully in 12.5s
  Running TypeScript ...
  Collecting page data using 11 workers ...
Error: Neither apiKey nor 
config.authenticator provided
    at r._setAuthenticator 
(C:\Users\Syed 
Amer\Documents\Phet\Quran learning\
quran-lms\.next\server\chunks\[root
-of-the-server]__9a363fb9._.js:1:87
188)
    at new r (C:\Users\Syed 
Amer\Documents\Phet\Quran learning\
quran-lms\.next\server\chunks\[root
-of-the-server]__9a363fb9._.js:1:81
791)
    at module evaluation 
(C:\Users\Syed 
Amer\Documents\Phet\Quran learning\
quran-lms\.next\server\chunks\[root
-of-the-server]__9a363fb9._.js:1:80
700)
    at instantiateModule 
(C:\Users\Syed 
Amer\Documents\Phet\Quran learning\
quran-lms\.next\server\chunks\[turb
opack]_runtime.js:740:9)
    at 
getOrInstantiateModuleFromParent 
(C:\Users\Syed 
Amer\Documents\Phet\Quran learning\
quran-lms\.next\server\chunks\[turb
opack]_runtime.js:763:12)
    at Context.esmImport [as i] 
(C:\Users\Syed 
Amer\Documents\Phet\Quran learning\
quran-lms\.next\server\chunks\[turb
opack]_runtime.js:228:20)
    at module evaluation 
(C:\Users\Syed 
Amer\Documents\Phet\Quran learning\
quran-lms\.next\server\chunks\[root
-of-the-server]__15bc5db4._.js:1:95
43)
    at instantiateModule 
(C:\Users\Syed 
Amer\Documents\Phet\Quran learning\
quran-lms\.next\server\chunks\[turb
opack]_runtime.js:740:9)
    at instantiateRuntimeModule 
(C:\Users\Syed 
Amer\Documents\Phet\Quran learning\
quran-lms\.next\server\chunks\[turb
opack]_runtime.js:768:12)
    at 
getOrInstantiateRuntimeModule 
(C:\Users\Syed 
Amer\Documents\Phet\Quran learning\
quran-lms\.next\server\chunks\[turb
opack]_runtime.js:781:12)
[Error [BetterAuthError]: You are 
using the default secret. Please 
set `BETTER_AUTH_SECRET` in your 
environment variables or pass 
`secret` in your auth config.]

> Build error occurred
Error: Failed to collect page data 
for /api/admin/coupons
    at ignore-listed frames {
  type: 'Error'
}
